[debug] [2026-05-16T02:46:29.855Z] ----------------------------------------------------------------------
[debug] [2026-05-16T02:46:29.856Z] Command:       /opt/homebrew/Cellar/node/26.0.0/bin/node /opt/homebrew/bin/firebase deploy --only hosting
[debug] [2026-05-16T02:46:29.856Z] CLI Version:   15.17.0
[debug] [2026-05-16T02:46:29.856Z] Platform:      darwin
[debug] [2026-05-16T02:46:29.856Z] Node Version:  v26.0.0
[debug] [2026-05-16T02:46:29.857Z] Time:          Sat May 16 2026 08:16:29 GMT+0530 (India Standard Time)
[debug] [2026-05-16T02:46:29.857Z] ----------------------------------------------------------------------
[debug] 
[debug] [2026-05-16T02:46:30.339Z] > command requires scopes: ["email","openid","https://www.googleapis.com/auth/cloudplatformprojects.readonly","https://www.googleapis.com/auth/firebase","https://www.googleapis.com/auth/cloud-platform"]
[debug] [2026-05-16T02:46:30.339Z] > authorizing via signed-in user (admin@harmonybits.in)
[debug] [2026-05-16T02:46:30.339Z] [iam] checking project harmoneyeats-prod for permissions ["firebase.projects.get","firebasehosting.sites.update"]
[debug] [2026-05-16T02:46:30.340Z] Checked if tokens are valid: true, expires at: 1778900824978
[debug] [2026-05-16T02:46:30.340Z] Checked if tokens are valid: true, expires at: 1778900824978
[debug] [2026-05-16T02:46:30.340Z] >>> [apiv2][query] POST https://cloudresourcemanager.googleapis.com/v1/projects/harmoneyeats-prod:testIamPermissions [none]
[debug] [2026-05-16T02:46:30.340Z] >>> [apiv2][(partial)header] POST https://cloudresourcemanager.googleapis.com/v1/projects/harmoneyeats-prod:testIamPermissions  x-goog-user-project=harmoneyeats-prod
[debug] [2026-05-16T02:46:30.340Z] >>> [apiv2][body] POST https://cloudresourcemanager.googleapis.com/v1/projects/harmoneyeats-prod:testIamPermissions {"permissions":["firebase.projects.get","firebasehosting.sites.update"]}
[debug] [2026-05-16T02:46:31.827Z] <<< [apiv2][status] POST https://cloudresourcemanager.googleapis.com/v1/projects/harmoneyeats-prod:testIamPermissions 200
[debug] [2026-05-16T02:46:31.827Z] <<< [apiv2][body] POST https://cloudresourcemanager.googleapis.com/v1/projects/harmoneyeats-prod:testIamPermissions {"permissions":["firebase.projects.get","firebasehosting.sites.update"]}
[debug] [2026-05-16T02:46:31.827Z] Checked if tokens are valid: true, expires at: 1778900824978
[debug] [2026-05-16T02:46:31.827Z] Checked if tokens are valid: true, expires at: 1778900824978
[debug] [2026-05-16T02:46:31.828Z] >>> [apiv2][query] GET https://firebase.googleapis.com/v1beta1/projects/harmoneyeats-prod [none]
[debug] [2026-05-16T02:46:32.494Z] <<< [apiv2][status] GET https://firebase.googleapis.com/v1beta1/projects/harmoneyeats-prod 200
[debug] [2026-05-16T02:46:32.494Z] <<< [apiv2][body] GET https://firebase.googleapis.com/v1beta1/projects/harmoneyeats-prod {"projectId":"harmoneyeats-prod","projectNumber":"430097038136","displayName":"harmoneyeats-prod","name":"projects/harmoneyeats-prod","resources":{"hostingSite":"harmoneyeats-prod"},"state":"ACTIVE","etag":"1_2c60419d-89f6-4152-9042-2a52ccec2dfa"}
[info] 
[info] === Deploying to 'harmoneyeats-prod'...
[info] 
[info] i  deploying hosting 
[debug] [2026-05-16T02:46:32.497Z] Checked if tokens are valid: true, expires at: 1778900824978
[debug] [2026-05-16T02:46:32.497Z] Checked if tokens are valid: true, expires at: 1778900824978
[debug] [2026-05-16T02:46:32.497Z] >>> [apiv2][query] GET https://firebasehosting.googleapis.com/v1beta1/projects/harmoneyeats-prod/sites/harmoney-admin [none]
[debug] [2026-05-16T02:46:33.895Z] <<< [apiv2][status] GET https://firebasehosting.googleapis.com/v1beta1/projects/harmoneyeats-prod/sites/harmoney-admin 200
[debug] [2026-05-16T02:46:33.895Z] <<< [apiv2][body] GET https://firebasehosting.googleapis.com/v1beta1/projects/harmoneyeats-prod/sites/harmoney-admin {"name":"projects/harmoneyeats-prod/sites/harmoney-admin","defaultUrl":"https://harmoney-admin.web.app","type":"USER_SITE"}
[debug] [2026-05-16T02:46:33.896Z] Checked if tokens are valid: true, expires at: 1778900824978
[debug] [2026-05-16T02:46:33.896Z] Checked if tokens are valid: true, expires at: 1778900824978
[debug] [2026-05-16T02:46:33.896Z] >>> [apiv2][query] POST https://firebasehosting.googleapis.com/v1beta1/projects/-/sites/harmoney-admin/versions [none]
[debug] [2026-05-16T02:46:33.896Z] >>> [apiv2][body] POST https://firebasehosting.googleapis.com/v1beta1/projects/-/sites/harmoney-admin/versions {"status":"CREATED","labels":{"deployment-tool":"cli-firebase"}}
